[
  "\\Weaver1.Fody\\1.0.7\\Weaver1.Fody.dll",
  "\\Weaver1.Fody\\1.0.8\\Weaver1.Fody.dll",
  "\\weaver2.fody\\2.0.7\\Weaver2.Fody.dll",
  "\\weaver2.fody\\2.0.8\\Weaver2.Fody.dll"
]