Could not find path to weavers file. Searched 'SearchDirectory', 'SearchDirectory'.